<wxlog>
  <threadId>#main</threadId>
  <timestamp>23:37:23:7322</timestamp>
  <msgtype>MsgWXLogLaunch</msgtype>
  <content>[The WXLogger is launched!]</content>
  <stackFrames>
[CALL STACK][0]: Method:WXTextureTools.Application.Options.OptionsConfig..ctor; File:.0
[CALL STACK][1]: Method:WXTextureTools.Application.App..ctor; File:.0
[CALL STACK][2]: Method:WXTextureTools.Program.Main; File:.0
</stackFrames>
</wxlog>
<wxlog>
  <threadId>#main</threadId>
  <timestamp>23:37:23:8768</timestamp>
  <msgtype>MsgMixture</msgtype>
  <content>string|String[]
OptionsConfig,-option=fbDecompress
-classDataPath=E:/HuntingClient/Assets\WX-WASM-SDK-V2\Editor/TextureEditor/classdata.tpk
-dataDir=E:/HuntingClient/TextToolDatas
-sourcePath=E:/HuntingClient/TextToolDatas\slim\backup.txt
</content>
  <stackFrames>
[CALL STACK][0]: Method:WXTextureTools.Application.App..ctor; File:.0
[CALL STACK][1]: Method:WXTextureTools.Program.Main; File:.0
</stackFrames>
</wxlog>
<wxlog>
  <threadId>#main</threadId>
  <timestamp>23:37:23:8858</timestamp>
  <msgtype>MsgMixture</msgtype>
  <content>string|string
UnityBridgeHandler - SetDataDir,E:/HuntingClient/TextToolDatas\temp</content>
  <stackFrames>
[CALL STACK][0]: Method:WXTextureTools.Program.Main; File:.0
</stackFrames>
</wxlog>
<wxlog>
  <threadId>#main</threadId>
  <timestamp>23:37:23:9307</timestamp>
  <msgtype>MsgMixture</msgtype>
  <content>string|string
BundlePicRecord initFile,E:/HuntingClient/TextToolDatas\FIRSTBUNDLETEXTURES.json</content>
  <stackFrames>
[CALL STACK][0]: Method:WXTextureTools.Application.AppCmdExec.WXFirstBundleDecompressExec.todo; File:.0
[CALL STACK][1]: Method:WXTextureTools.Application.App.process; File:.0
[CALL STACK][2]: Method:WXTextureTools.Application.App..ctor; File:.0
</stackFrames>
</wxlog>
<wxlog>
  <threadId>#main</threadId>
  <timestamp>23:37:23:9347</timestamp>
  <msgtype>MsgMixture</msgtype>
  <content>string|string
BundlePicRecord readAllRecord,{"timestamp":0,"files":[{"path":"E:/HuntingClient/TextToolDatas\\slim\\backup.txt","dstPath":null,"md5":"524451e1f3ec061f","textures":[{"width":128,"height":128,"name":"Soft.c1d63e75","astc":null,"limittype":null},{"width":128,"height":58,"name":"UnityWatermark-small.d7411008","astc":null,"limittype":"1"},{"width":74,"height":71,"name":"EscToExit_back.21b1540e","astc":null,"limittype":"1"},{"width":267,"height":20,"name":"EscToExit_Text.2e1ee8b4","astc":null,"limittype":"1"},{"width":512,"height":94,"name":"UnityWatermark-trial-big.66f46ac8","astc":null,"limittype":"1"},{"width":76,"height":14,"name":"UnityWatermark-trial.60b4e34e","astc":null,"limittype":"1"},{"width":127,"height":17,"name":"UnityWatermark-beta.dd37c61b","astc":null,"limittype":"1"},{"width":148,"height":17,"name":"UnityWatermark-edu.a8c472ae","astc":null,"limittype":"1"},{"width":115,"height":17,"name":"UnityWatermark-dev.ae1fc174","astc":null,"limittype":"1"},{"width":64,"height":64,"name":"WarningSign.59b8d955","astc":null,"limittype":null},{"width":87,"height":13,"name":"UnityWatermark-proto.5084375a","astc":null,"limittype":"1"},{"width":66,"height":17,"name":"UnityWatermarkPlugin-beta.52403834","astc":null,"limittype":"1"},{"width":12,"height":12,"name":"box.643f5df8","astc":null,"limittype":null},{"width":12,"height":12,"name":"button%20active.c15aedb7","astc":null,"limittype":null},{"width":12,"height":12,"name":"button%20hover.42efb15e","astc":null,"limittype":null},{"width":12,"height":12,"name":"button%20on%20hover.2c40c4b8","astc":null,"limittype":null},{"width":12,"height":12,"name":"button%20on.7ff0e5a1","astc":null,"limittype":null},{"width":12,"height":12,"name":"button.bdec6b82","astc":null,"limittype":null},{"width":12,"height":12,"name":"horizontal%20scrollbar%20thumb.4137b46d","astc":null,"limittype":null},{"width":18,"height":15,"name":"horizontal%20scrollbar.0ac38291","astc":null,"limittype":"1"},{"width":8,"height":7,"name":"horizontalslider.722f02b2","astc":null,"limittype":"1"},{"width":8,"height":12,"name":"slider%20thumb%20active.168a62a9","astc":null,"limittype":null},{"width":8,"height":12,"name":"slider%20thumb.a7acef71","astc":null,"limittype":null},{"width":8,"height":12,"name":"slidert%20humb%20hover.0c248117","astc":null,"limittype":null},{"width":14,"height":14,"name":"toggle%20active.e32a2ca9","astc":null,"limittype":"1"},{"width":14,"height":14,"name":"toggle%20hover.614620f6","astc":null,"limittype":"1"},{"width":14,"height":14,"name":"toggle%20on%20hover.528d6b34","astc":null,"limittype":"1"},{"width":14,"height":14,"name":"toggle%20on.1f99750a","astc":null,"limittype":"1"},{"width":14,"height":14,"name":"toggle%20on%20active.9d52caeb","astc":null,"limittype":"1"},{"width":14,"height":14,"name":"toggle.6eafbcb0","astc":null,"limittype":"1"},{"width":12,"height":12,"name":"vertical%20scrollbar%20thumb.7ba97313","astc":null,"limittype":null},{"width":15,"height":18,"name":"vertical%20scrollbar.d38290f1","astc":null,"limittype":"1"},{"width":7,"height":8,"name":"verticalslider.58266f5f","astc":null,"limittype":"1"},{"width":17,"height":27,"name":"window%20on.38a76040","astc":null,"limittype":"1"},{"width":17,"height":27,"name":"window.a62d1258","astc":null,"limittype":"1"},{"width":12,"height":12,"name":"textfield.a75d69ec","astc":null,"limittype":null},{"width":12,"height":12,"name":"textfield%20on.f2c2fb5c","astc":null,"limittype":null},{"width":12,"height":12,"name":"textfield%20hover.8c7ae9d8","astc":null,"limittype":null},{"width":32,"height":32,"name":"UnitySplash-HolographicTrackingLoss.cbf38e69","astc":null,"limittype":null},{"width":2048,"height":1024,"name":"Splash%20Screen%20Unity%20Logo.05ef6840","astc":null,"limittype":null},{"width":162,"height":162,"name":"img_huishang.bd261895","astc":"6x6","limittype":"1"},{"width":200,"height":200,"name":"img_bg_03.82fb357f","astc":"6x6","limittype":null},{"width":214,"height":109,"name":"img_jinriditu.4712a53d","astc":"6x6","limittype":"1"},{"width":140,"height":140,"name":"TB_bangbangwoma_0002.54f6144b","astc":"6x6","limittype":null},{"width":598,"height":397,"name":"img_bg_01.79a633cd","astc":"6x6","limittype":"1"},{"width":155,"height":56,"name":"btn_bd.b47c9f18","astc":"6x6","limittype":"1"},{"width":592,"height":326,"name":"img_shouji.c57eceea","astc":"6x6","limittype":"1"},{"width":315,"height":152,"name":"img_map.13421dcd","astc":"6x6","limittype":"1"},{"width":111,"height":98,"name":"img_bx.c86160b8","astc":"6x6","limittype":"1"},{"width":1024,"height":556,"name":"img_wangge.b4b5d508","astc":"6x6","limittype":null},{"width":324,"height":241,"name":"img_jiantou%201.ea8ce17e","astc":"6x6","limittype":"1"},{"width":30,"height":44,"name":"img_tiezhi.1369d93c","astc":"6x6","limittype":"1"},{"width":32,"height":18,"name":"img_bg_05.3c96b606","astc":"6x6","limittype":"1"},{"width":512,"height":512,"name":"jinbiren_gao_01.c4ad73f0","astc":"6x6","limittype":null},{"width":1024,"height":512,"name":"Loading.18ffa32e","astc":null,"limittype":null},{"width":87,"height":86,"name":"img_kacao.e7ea39a7","astc":"6x6","limittype":"1"},{"width":288,"height":104,"name":"btn_kaishidarou.5c55d8c4","astc":"6x6","limittype":null},{"width":512,"height":512,"name":"touzi.e6016c12","astc":"6x6","limittype":null},{"width":125,"height":125,"name":"btn_xuanren.371f6166","astc":"6x6","limittype":"1"},{"width":113,"height":121,"name":"imb_rou.55fafe3e","astc":"6x6","limittype":"1"},{"width":200,"height":200,"name":"JS_C_ziwei_0001.025b7b71","astc":"6x6","limittype":null},{"width":77,"height":76,"name":"img_kacao_2.0ee2c125","astc":"6x6","limittype":"1"},{"width":562,"height":594,"name":"img_center_bg.9b4d7c69","astc":"6x6","limittype":"1"},{"width":610,"height":378,"name":"img_bg_02.437285ab","astc":"6x6","limittype":"1"},{"width":32,"height":11,"name":"img_bg_02_1.f01c91c0","astc":"6x6","limittype":"1"},{"width":32,"height":22,"name":"img_bg_04new.6d43f180","astc":"6x6","limittype":"1"},{"width":307,"height":119,"name":"btn_xinyunyishi.34272dc8","astc":"6x6","limittype":"1"},{"width":1024,"height":444,"name":"Maps01_BG_01.b9e22cd8","astc":"6x6","limittype":null},{"width":128,"height":128,"name":"T_Turbulence_002_htn.8b18b76d","astc":null,"limittype":null},{"width":128,"height":128,"name":"FX_Mask12.223567b1","astc":null,"limittype":null},{"width":256,"height":256,"name":"TL_star2.4318f5f1","astc":null,"limittype":null},{"width":256,"height":256,"name":"lx_mask_03.de0a0cea","astc":null,"limittype":null},{"width":1024,"height":576,"name":"Maps01_BG_02.be2825fb","astc":"6x6","limittype":null},{"width":128,"height":128,"name":"gw07_star_04.221a901f","astc":null,"limittype":null},{"width":2048,"height":2048,"name":"texture_pbr_20250901.d45a7c95","astc":null,"limittype":null},{"width":512,"height":1024,"name":"Maps01_Trees_001.5eea10f6","astc":"6x6","limittype":null},{"width":128,"height":128,"name":"FX_Mask06.d00c5f7b","astc":null,"limittype":null},{"width":1024,"height":512,"name":"Maps01_Trees_004.ad966cdb","astc":"6x6","limittype":null},{"width":1024,"height":576,"name":"bg.cb96872a","astc":"6x6","limittype":null},{"width":1024,"height":394,"name":"dm.a9dd7d02","astc":"6x6","limittype":"1"},{"width":32,"height":32,"name":"UIMask.09363183","astc":null,"limittype":null},{"width":1,"height":1,"name":"White1px.f8d314fe","astc":null,"limittype":"1"},{"width":11,"height":11,"name":"UIFoldoutClosed.89295238","astc":null,"limittype":"1"},{"width":11,"height":11,"name":"UIFoldoutOpened.84255435","astc":null,"limittype":"1"},{"width":11,"height":11,"name":"UICheckMark.d924f22b","astc":null,"limittype":"1"},{"width":8,"height":8,"name":"UIElement8px.f411169b","astc":null,"limittype":null},{"width":512,"height":512,"name":"EmojiOne.9438d40e","astc":null,"limittype":null},{"width":128,"height":128,"name":"defaultIcon.794b71fd","astc":null,"limittype":null},{"width":1024,"height":1024,"name":"LiberationSans%20SDF%20Atlas.ac9f1c83","astc":null,"limittype":null}]}]}</content>
  <stackFrames>
[CALL STACK][0]: Method:WXTextureTools.Application.App.process; File:.0
[CALL STACK][1]: Method:WXTextureTools.Application.App..ctor; File:.0
[CALL STACK][2]: Method:WXTextureTools.Program.Main; File:.0
</stackFrames>
</wxlog>
<wxlog>
  <threadId>#main</threadId>
  <timestamp>23:37:25:7922</timestamp>
  <msgtype>MsgMixture</msgtype>
  <content>string|string
BundlePicRecord save,{"timestamp":0,"files":[{"path":"E:/HuntingClient/TextToolDatas\\slim\\backup.txt","dstPath":null,"md5":"524451e1f3ec061f","textures":[{"width":128,"height":128,"name":"Soft.c1d63e75","astc":null,"limittype":null},{"width":128,"height":58,"name":"UnityWatermark-small.d7411008","astc":null,"limittype":"1"},{"width":74,"height":71,"name":"EscToExit_back.21b1540e","astc":null,"limittype":"1"},{"width":267,"height":20,"name":"EscToExit_Text.2e1ee8b4","astc":null,"limittype":"1"},{"width":512,"height":94,"name":"UnityWatermark-trial-big.66f46ac8","astc":null,"limittype":"1"},{"width":76,"height":14,"name":"UnityWatermark-trial.60b4e34e","astc":null,"limittype":"1"},{"width":127,"height":17,"name":"UnityWatermark-beta.dd37c61b","astc":null,"limittype":"1"},{"width":148,"height":17,"name":"UnityWatermark-edu.a8c472ae","astc":null,"limittype":"1"},{"width":115,"height":17,"name":"UnityWatermark-dev.ae1fc174","astc":null,"limittype":"1"},{"width":64,"height":64,"name":"WarningSign.59b8d955","astc":null,"limittype":null},{"width":87,"height":13,"name":"UnityWatermark-proto.5084375a","astc":null,"limittype":"1"},{"width":66,"height":17,"name":"UnityWatermarkPlugin-beta.52403834","astc":null,"limittype":"1"},{"width":12,"height":12,"name":"box.643f5df8","astc":null,"limittype":null},{"width":12,"height":12,"name":"button%20active.c15aedb7","astc":null,"limittype":null},{"width":12,"height":12,"name":"button%20hover.42efb15e","astc":null,"limittype":null},{"width":12,"height":12,"name":"button%20on%20hover.2c40c4b8","astc":null,"limittype":null},{"width":12,"height":12,"name":"button%20on.7ff0e5a1","astc":null,"limittype":null},{"width":12,"height":12,"name":"button.bdec6b82","astc":null,"limittype":null},{"width":12,"height":12,"name":"horizontal%20scrollbar%20thumb.4137b46d","astc":null,"limittype":null},{"width":18,"height":15,"name":"horizontal%20scrollbar.0ac38291","astc":null,"limittype":"1"},{"width":8,"height":7,"name":"horizontalslider.722f02b2","astc":null,"limittype":"1"},{"width":8,"height":12,"name":"slider%20thumb%20active.168a62a9","astc":null,"limittype":null},{"width":8,"height":12,"name":"slider%20thumb.a7acef71","astc":null,"limittype":null},{"width":8,"height":12,"name":"slidert%20humb%20hover.0c248117","astc":null,"limittype":null},{"width":14,"height":14,"name":"toggle%20active.e32a2ca9","astc":null,"limittype":"1"},{"width":14,"height":14,"name":"toggle%20hover.614620f6","astc":null,"limittype":"1"},{"width":14,"height":14,"name":"toggle%20on%20hover.528d6b34","astc":null,"limittype":"1"},{"width":14,"height":14,"name":"toggle%20on.1f99750a","astc":null,"limittype":"1"},{"width":14,"height":14,"name":"toggle%20on%20active.9d52caeb","astc":null,"limittype":"1"},{"width":14,"height":14,"name":"toggle.6eafbcb0","astc":null,"limittype":"1"},{"width":12,"height":12,"name":"vertical%20scrollbar%20thumb.7ba97313","astc":null,"limittype":null},{"width":15,"height":18,"name":"vertical%20scrollbar.d38290f1","astc":null,"limittype":"1"},{"width":7,"height":8,"name":"verticalslider.58266f5f","astc":null,"limittype":"1"},{"width":17,"height":27,"name":"window%20on.38a76040","astc":null,"limittype":"1"},{"width":17,"height":27,"name":"window.a62d1258","astc":null,"limittype":"1"},{"width":12,"height":12,"name":"textfield.a75d69ec","astc":null,"limittype":null},{"width":12,"height":12,"name":"textfield%20on.f2c2fb5c","astc":null,"limittype":null},{"width":12,"height":12,"name":"textfield%20hover.8c7ae9d8","astc":null,"limittype":null},{"width":32,"height":32,"name":"UnitySplash-HolographicTrackingLoss.cbf38e69","astc":null,"limittype":null},{"width":2048,"height":1024,"name":"Splash%20Screen%20Unity%20Logo.05ef6840","astc":null,"limittype":null},{"width":162,"height":162,"name":"img_huishang.bd261895","astc":"6x6","limittype":"1"},{"width":200,"height":200,"name":"img_bg_03.82fb357f","astc":"6x6","limittype":null},{"width":214,"height":109,"name":"img_jinriditu.4712a53d","astc":"6x6","limittype":"1"},{"width":140,"height":140,"name":"TB_bangbangwoma_0002.54f6144b","astc":"6x6","limittype":null},{"width":598,"height":397,"name":"img_bg_01.79a633cd","astc":"6x6","limittype":"1"},{"width":155,"height":56,"name":"btn_bd.b47c9f18","astc":"6x6","limittype":"1"},{"width":592,"height":326,"name":"img_shouji.c57eceea","astc":"6x6","limittype":"1"},{"width":315,"height":152,"name":"img_map.13421dcd","astc":"6x6","limittype":"1"},{"width":111,"height":98,"name":"img_bx.c86160b8","astc":"6x6","limittype":"1"},{"width":1024,"height":556,"name":"img_wangge.b4b5d508","astc":"6x6","limittype":null},{"width":324,"height":241,"name":"img_jiantou%201.ea8ce17e","astc":"6x6","limittype":"1"},{"width":30,"height":44,"name":"img_tiezhi.1369d93c","astc":"6x6","limittype":"1"},{"width":32,"height":18,"name":"img_bg_05.3c96b606","astc":"6x6","limittype":"1"},{"width":512,"height":512,"name":"jinbiren_gao_01.c4ad73f0","astc":"6x6","limittype":null},{"width":1024,"height":512,"name":"Loading.18ffa32e","astc":null,"limittype":null},{"width":87,"height":86,"name":"img_kacao.e7ea39a7","astc":"6x6","limittype":"1"},{"width":288,"height":104,"name":"btn_kaishidarou.5c55d8c4","astc":"6x6","limittype":null},{"width":512,"height":512,"name":"touzi.e6016c12","astc":"6x6","limittype":null},{"width":125,"height":125,"name":"btn_xuanren.371f6166","astc":"6x6","limittype":"1"},{"width":113,"height":121,"name":"imb_rou.55fafe3e","astc":"6x6","limittype":"1"},{"width":200,"height":200,"name":"JS_C_ziwei_0001.025b7b71","astc":"6x6","limittype":null},{"width":77,"height":76,"name":"img_kacao_2.0ee2c125","astc":"6x6","limittype":"1"},{"width":562,"height":594,"name":"img_center_bg.9b4d7c69","astc":"6x6","limittype":"1"},{"width":610,"height":378,"name":"img_bg_02.437285ab","astc":"6x6","limittype":"1"},{"width":32,"height":11,"name":"img_bg_02_1.f01c91c0","astc":"6x6","limittype":"1"},{"width":32,"height":22,"name":"img_bg_04new.6d43f180","astc":"6x6","limittype":"1"},{"width":307,"height":119,"name":"btn_xinyunyishi.34272dc8","astc":"6x6","limittype":"1"},{"width":1024,"height":444,"name":"Maps01_BG_01.b9e22cd8","astc":"6x6","limittype":null},{"width":128,"height":128,"name":"T_Turbulence_002_htn.8b18b76d","astc":null,"limittype":null},{"width":128,"height":128,"name":"FX_Mask12.223567b1","astc":null,"limittype":null},{"width":256,"height":256,"name":"TL_star2.4318f5f1","astc":null,"limittype":null},{"width":256,"height":256,"name":"lx_mask_03.de0a0cea","astc":null,"limittype":null},{"width":1024,"height":576,"name":"Maps01_BG_02.be2825fb","astc":"6x6","limittype":null},{"width":128,"height":128,"name":"gw07_star_04.221a901f","astc":null,"limittype":null},{"width":2048,"height":2048,"name":"texture_pbr_20250901.d45a7c95","astc":null,"limittype":null},{"width":512,"height":1024,"name":"Maps01_Trees_001.5eea10f6","astc":"6x6","limittype":null},{"width":128,"height":128,"name":"FX_Mask06.d00c5f7b","astc":null,"limittype":null},{"width":1024,"height":512,"name":"Maps01_Trees_004.ad966cdb","astc":"6x6","limittype":null},{"width":1024,"height":576,"name":"bg.cb96872a","astc":"6x6","limittype":null},{"width":1024,"height":394,"name":"dm.a9dd7d02","astc":"6x6","limittype":"1"},{"width":32,"height":32,"name":"UIMask.09363183","astc":null,"limittype":null},{"width":1,"height":1,"name":"White1px.f8d314fe","astc":null,"limittype":"1"},{"width":11,"height":11,"name":"UIFoldoutClosed.89295238","astc":null,"limittype":"1"},{"width":11,"height":11,"name":"UIFoldoutOpened.84255435","astc":null,"limittype":"1"},{"width":11,"height":11,"name":"UICheckMark.d924f22b","astc":null,"limittype":"1"},{"width":8,"height":8,"name":"UIElement8px.f411169b","astc":null,"limittype":null},{"width":512,"height":512,"name":"EmojiOne.9438d40e","astc":null,"limittype":null},{"width":128,"height":128,"name":"defaultIcon.794b71fd","astc":null,"limittype":null},{"width":1024,"height":1024,"name":"LiberationSans%20SDF%20Atlas.ac9f1c83","astc":null,"limittype":null}]}]}</content>
  <stackFrames>
[CALL STACK][0]: Method:WXTextureTools.Application.App.process; File:.0
[CALL STACK][1]: Method:WXTextureTools.Application.App..ctor; File:.0
[CALL STACK][2]: Method:WXTextureTools.Program.Main; File:.0
</stackFrames>
</wxlog>
