2026-02-27 00:27:05.746 [INFO] Begin to build package : DefaultPackage by ScriptableBuildPipeline
2026-02-27 00:27:05.746 [INFO] --------------------------------------------->TaskPrepare<--------------------------------------------
2026-02-27 00:27:07.238 [INFO] Delete package root directory: E:/HuntingClient/Bundles/WebGL/DefaultPackage
2026-02-27 00:27:07.239 [INFO] Create pipeline output directory: E:/HuntingClient/Bundles/WebGL/DefaultPackage/OutputCache
2026-02-27 00:27:07.239 [INFO] TaskPrepare It takes 1 seconds in total
2026-02-27 00:27:07.239 [INFO] --------------------------------------------->TaskGetBuildMap<--------------------------------------------
2026-02-27 00:27:07.518 [INFO] TaskGetBuildMap It takes 0 seconds in total
2026-02-27 00:27:07.518 [INFO] --------------------------------------------->TaskBuilding<--------------------------------------------
2026-02-27 00:27:24.162 [INFO] UnityEngine build success!
2026-02-27 00:27:24.163 [INFO] TaskBuilding It takes 16 seconds in total
2026-02-27 00:27:24.163 [INFO] --------------------------------------------->TaskVerifyBuildResult<--------------------------------------------
2026-02-27 00:27:24.165 [INFO] Build results verify success!
2026-02-27 00:27:24.165 [INFO] TaskVerifyBuildResult It takes 0 seconds in total
2026-02-27 00:27:24.165 [INFO] --------------------------------------------->TaskEncryption<--------------------------------------------
2026-02-27 00:27:24.166 [INFO] TaskEncryption It takes 0 seconds in total
2026-02-27 00:27:24.166 [INFO] --------------------------------------------->TaskUpdateBundleInfo<--------------------------------------------
2026-02-27 00:27:24.504 [INFO] TaskUpdateBundleInfo It takes 0 seconds in total
2026-02-27 00:27:24.504 [INFO] --------------------------------------------->TaskCreateManifest<--------------------------------------------
2026-02-27 00:27:24.511 [INFO] Create package manifest file: E:/HuntingClient/Bundles/WebGL/DefaultPackage/2026-02-27-27/DefaultPackage_2026-02-27-27.json
2026-02-27 00:27:24.520 [INFO] Create package manifest file: E:/HuntingClient/Bundles/WebGL/DefaultPackage/2026-02-27-27/DefaultPackage_2026-02-27-27.bytes
2026-02-27 00:27:24.520 [INFO] Create package manifest hash file: E:/HuntingClient/Bundles/WebGL/DefaultPackage/2026-02-27-27/DefaultPackage_2026-02-27-27.hash
2026-02-27 00:27:24.521 [INFO] Create package manifest version file: E:/HuntingClient/Bundles/WebGL/DefaultPackage/2026-02-27-27/DefaultPackage.version
2026-02-27 00:27:24.522 [INFO] TaskCreateManifest It takes 0 seconds in total
2026-02-27 00:27:24.523 [INFO] --------------------------------------------->TaskCreateReport<--------------------------------------------
2026-02-27 00:27:24.544 [INFO] Create build report file: E:/HuntingClient/Bundles/WebGL/DefaultPackage/2026-02-27-27/DefaultPackage_2026-02-27-27.report
2026-02-27 00:27:24.544 [INFO] TaskCreateReport It takes 0 seconds in total
2026-02-27 00:27:24.544 [INFO] --------------------------------------------->TaskCreatePackage<--------------------------------------------
2026-02-27 00:27:24.545 [INFO] Start making patch package: E:/HuntingClient/Bundles/WebGL/DefaultPackage/2026-02-27-27
2026-02-27 00:27:24.613 [INFO] TaskCreatePackage It takes 0 seconds in total
2026-02-27 00:27:24.614 [INFO] --------------------------------------------->TaskCopyBuildinFiles<--------------------------------------------
2026-02-27 00:27:26.390 [INFO] Buildin files copy complete: E:/HuntingClient/Assets/StreamingAssets/yoo/DefaultPackage
2026-02-27 00:27:26.390 [INFO] TaskCopyBuildinFiles It takes 1 seconds in total
2026-02-27 00:27:26.391 [INFO] --------------------------------------------->TaskCreateCatalog<--------------------------------------------
2026-02-27 00:27:26.801 [INFO] TaskCreateCatalog It takes 0 seconds in total
2026-02-27 00:27:26.801 [INFO] Total build process time: 18 seconds
2026-02-27 00:27:26.801 [INFO] Resource pipeline build success
